// Vitest Snapshot v1, https://vitest.dev/guide/snapshot.html

exports[`ScatterBrush-worker > processInput 1`] = `
{
  "_debug": {
    "path": {
      "fillRule": "nonzero",
      "points": [
        {
          "begin": null,
          "end": null,
          "isMoveTo": true,
          "x": 0,
          "y": 0,
        },
        {
          "begin": null,
          "end": null,
          "x": 10,
          "y": 10,
        },
      ],
      "randomSeed": 0,
    },
    "positions": [
      [
        0,
        0,
      ],
      [
        0.7071067811865475,
        0.7071067811865475,
      ],
      [
        1.414213562373095,
        1.414213562373095,
      ],
      [
        2.121320343559642,
        2.121320343559642,
      ],
      [
        2.82842712474619,
        2.82842712474619,
      ],
      [
        3.5355339059327378,
        3.5355339059327378,
      ],
      [
        4.242640687119286,
        4.242640687119286,
      ],
      [
        4.949747468305834,
        4.949747468305834,
      ],
      [
        5.65685424949238,
        5.65685424949238,
      ],
      [
        6.363961030678926,
        6.363961030678926,
      ],
      [
        7.071067811865471,
        7.071067811865471,
      ],
      [
        7.778174593052015,
        7.778174593052015,
      ],
      [
        8.485281374238564,
        8.485281374238564,
      ],
      [
        9.192388155425112,
        9.192388155425112,
      ],
      [
        9.89949493661166,
        9.89949493661166,
      ],
      [
        10,
        10,
      ],
    ],
    "requestAts": [
      0,
      0.01,
      1,
      1.01,
      2,
      2.01,
      3,
      3.01,
      4,
      4.01,
      5,
      5.01,
      6,
      6.01,
      7,
      7.01,
      8,
      8.01,
      9,
      9.01,
      10,
      10.01,
      11,
      11.01,
      12,
      12.01,
      13,
      13.01,
      14,
      14.01,
      14.142135623730958,
    ],
  },
  "bbox": {
    "bottom": 10,
    "left": 0,
    "right": 10,
    "top": 0,
  },
  "id": "test",
  "lengths": [
    0,
    1.1313708498984762,
    2.121320343559643,
    3.11126983722081,
    4.101219330881976,
    5.091168824543141,
    6.081118318204308,
    7.071067811865475,
    8.06101730552664,
    9.050966799187812,
    10.04091629284898,
    11.030865786510152,
    12.020815280171316,
    13.010764773832484,
    14.000714267493649,
    14.142135623730958,
  ],
  "matrices": [
    [
      0.8216791726206834,
      0.5699502936935722,
      0,
      0,
      -0.5699502936935722,
      0.8216791726206834,
      0,
      0,
      0,
      0,
      1,
      0,
      -5,
      5,
      0,
      1,
    ],
    [
      -0.3556864836728372,
      0.9346053313203667,
      0,
      0,
      -0.9346053313203667,
      -0.3556864836728372,
      -0,
      -0,
      0,
      0,
      1,
      0,
      -4.292893218813452,
      4.292893218813452,
      0,
      1,
    ],
    [
      0.0270291671131038,
      -0.999634645320565,
      0,
      0,
      0.999634645320565,
      0.0270291671131038,
      0,
      0,
      0,
      0,
      1,
      0,
      -3.585786437626905,
      3.585786437626905,
      0,
      1,
    ],
    [
      0.43302900828369817,
      0.9013799853473766,
      0,
      0,
      -0.9013799853473766,
      0.43302900828369817,
      0,
      0,
      0,
      0,
      1,
      0,
      -2.878679656440358,
      2.878679656440358,
      0,
      1,
    ],
    [
      -0.6280973688545088,
      0.7781347539070871,
      0,
      0,
      -0.7781347539070871,
      -0.6280973688545088,
      -0,
      -0,
      0,
      0,
      1,
      0,
      -2.17157287525381,
      2.17157287525381,
      0,
      1,
    ],
    [
      -0.16083405590121091,
      0.9869814620662164,
      0,
      0,
      -0.9869814620662164,
      -0.16083405590121091,
      -0,
      -0,
      0,
      0,
      1,
      0,
      -1.4644660940672622,
      1.4644660940672622,
      0,
      1,
    ],
    [
      0.9985086728795873,
      0.05459331629645908,
      0,
      0,
      -0.05459331629645908,
      0.9985086728795873,
      0,
      0,
      0,
      0,
      1,
      0,
      -0.7573593128807143,
      0.7573593128807143,
      0,
      1,
    ],
    [
      0.709333001018619,
      -0.7048735302633514,
      0,
      0,
      0.7048735302633514,
      0.709333001018619,
      0,
      0,
      0,
      0,
      1,
      0,
      -0.050252531694166436,
      0.050252531694166436,
      0,
      1,
    ],
    [
      -0.8065824034996864,
      -0.5911216679877919,
      -0,
      -0,
      0.5911216679877919,
      -0.8065824034996864,
      0,
      0,
      0,
      0,
      1,
      0,
      0.6568542494923797,
      -0.6568542494923797,
      0,
      1,
    ],
    [
      -0.8735573320503071,
      -0.48672126275841854,
      -0,
      -0,
      0.48672126275841854,
      -0.8735573320503071,
      0,
      0,
      0,
      0,
      1,
      0,
      1.3639610306789258,
      -1.3639610306789258,
      0,
      1,
    ],
    [
      0.952787774644259,
      0.3036370472923895,
      0,
      0,
      -0.3036370472923895,
      0.952787774644259,
      0,
      0,
      0,
      0,
      1,
      0,
      2.071067811865471,
      -2.071067811865471,
      0,
      1,
    ],
    [
      -0.7323956918296335,
      0.6808792481706228,
      0,
      0,
      -0.6808792481706228,
      -0.7323956918296335,
      -0,
      -0,
      0,
      0,
      1,
      0,
      2.7781745930520154,
      -2.7781745930520154,
      0,
      1,
    ],
    [
      0.2770347376086805,
      -0.9608599035021128,
      0,
      0,
      0.9608599035021128,
      0.2770347376086805,
      0,
      0,
      0,
      0,
      1,
      0,
      3.485281374238564,
      -3.485281374238564,
      0,
      1,
    ],
    [
      0.9544294141958162,
      0.2984367492750033,
      0,
      0,
      -0.2984367492750033,
      0.9544294141958162,
      0,
      0,
      0,
      0,
      1,
      0,
      4.192388155425112,
      -4.192388155425112,
      0,
      1,
    ],
    [
      -0.9959549674545818,
      0.08985378568843358,
      0,
      0,
      -0.08985378568843358,
      -0.9959549674545818,
      -0,
      -0,
      0,
      0,
      1,
      0,
      4.89949493661166,
      -4.89949493661166,
      0,
      1,
    ],
    [
      -0.7496596482539286,
      0.6618235503363386,
      0,
      0,
      -0.6618235503363386,
      -0.7496596482539286,
      -0,
      -0,
      0,
      0,
      1,
      0,
      5,
      -5,
      0,
      1,
    ],
  ],
  "totalLength": 14.142135623730958,
  "type": "getPoints",
}
`;
